// Jest Snapshot v1, https://goo.gl/fbAQLP

exports[`walk should generate ids 1`] = `
Array [
  "(myclass:class)",
  "(myclass:constructor)",
  "(myclass:constructor).(param1:parameter)",
  "(myclass:class).(mymethod:instance,1)",
  "(myclass:class).(mymethod:instance,1).(param1:parameter)",
  "(myclass:class).(mymethod:instance,2)",
  "(myclass:class).(mymethod:instance,2).(overload1:parameter)",
  "(myclass:class).(myproperty:instance)",
  "(myclass:class).(mystaticmethod:static,1)",
  "(myclass:class).(mystaticmethod:static,1).(param1:parameter)",
  "(myclass:class).(mystaticmethod:static,2)",
  "(myclass:class).(mystaticmethod:static,2).(overloaded1:parameter)",
  "(myclass:class).(mystaticproperty:static)",
  "(myenum:enum)",
  "(myenum:enum).myfield1",
  "(myenum:enum).myfield2",
  "(myenum:enum).myfield3",
  "(myextendedenum:enum)",
  "(myextendedenum:enum).myextendedenumfield",
  "(myextendedenum:namespace)",
  "(myextendedenum:namespace).(myextendedenummethod:function)",
  "(myfunction:1)",
  "(myfunction:1).(param1:parameter)",
  "(myfunction:2)",
  "(myfunction:2).(overloaded1:parameter)",
  "(myfunctionwithnamespace:1)",
  "(myfunctionwithnamespace:1).(param1:parameter)",
  "(myfunctionwithnamespace:namespace)",
  "(myfunctionwithnamespace:namespace).(myfunctionwithnamespacefunction:function)",
  "(myfunctionwithnamespace:namespace).(myfunctionwithnamespacefunction:function).(param1:parameter)",
  "(myinterface:interface)",
  "(myinterface:interface).(:new,0)",
  "(myinterface:interface).(:new,0).(param1:parameter)",
  "(myinterface:interface).(mymethodsignature:0)",
  "(myinterface:interface).(mymethodsignature:0).(param1:parameter)",
  "(myinterface:interface).mypropertysignature",
  "(mynamespace:namespace)",
  "(mynamespace:namespace).(mynamespacefunction:function)",
  "(mynamespace:namespace).(mynamespacefunction:function).(param1:parameter)",
  "(mynamespace:namespace).(mynamespaceinterface:interface)",
  "(mynamespace:namespace).mynamespacetype",
  "(mynamespace:namespace).(mynamespacevariable:variable)",
  "(my_variable:variable)",
  "mytype",
]
`;
